ARM GAS  C:\Users\ALVAROGA\AppData\Local\Temp\cckxmyp4.s 			page 1


   1              		.syntax unified
   2              		.cpu cortex-m3
   3              		.fpu softvfp
   4              		.eabi_attribute 20, 1
   5              		.eabi_attribute 21, 1
   6              		.eabi_attribute 23, 3
   7              		.eabi_attribute 24, 1
   8              		.eabi_attribute 25, 1
   9              		.eabi_attribute 26, 1
  10              		.eabi_attribute 30, 1
  11              		.eabi_attribute 34, 1
  12              		.eabi_attribute 18, 4
  13              		.thumb
  14              		.syntax unified
  15              		.file	"Filter_1_PM.c"
  16              		.text
  17              	.Ltext0:
  18              		.cfi_sections	.debug_frame
  19              		.section	.text.Filter_1_SaveConfig,"ax",%progbits
  20              		.align	2
  21              		.global	Filter_1_SaveConfig
  22              		.thumb
  23              		.thumb_func
  24              		.type	Filter_1_SaveConfig, %function
  25              	Filter_1_SaveConfig:
  26              	.LFB0:
  27              		.file 1 "Generated_Source\\PSoC5\\Filter_1_PM.c"
   1:Generated_Source\PSoC5/Filter_1_PM.c **** /*******************************************************************************
   2:Generated_Source\PSoC5/Filter_1_PM.c **** * File Name: Filter_1_PM.c
   3:Generated_Source\PSoC5/Filter_1_PM.c **** * Version 2.30
   4:Generated_Source\PSoC5/Filter_1_PM.c **** *
   5:Generated_Source\PSoC5/Filter_1_PM.c **** * Description:
   6:Generated_Source\PSoC5/Filter_1_PM.c **** *  This file provides the power managaer API source code for the FILT component.
   7:Generated_Source\PSoC5/Filter_1_PM.c **** *
   8:Generated_Source\PSoC5/Filter_1_PM.c **** * Note:
   9:Generated_Source\PSoC5/Filter_1_PM.c **** *  
  10:Generated_Source\PSoC5/Filter_1_PM.c **** *******************************************************************************
  11:Generated_Source\PSoC5/Filter_1_PM.c **** * Copyright 2008-2013, Cypress Semiconductor Corporation.  All rights reserved.
  12:Generated_Source\PSoC5/Filter_1_PM.c **** * You may use this file only in accordance with the license, terms, conditions, 
  13:Generated_Source\PSoC5/Filter_1_PM.c **** * disclaimers, and limitations in the end user license agreement accompanying 
  14:Generated_Source\PSoC5/Filter_1_PM.c **** * the software package with which this file was provided.
  15:Generated_Source\PSoC5/Filter_1_PM.c **** ********************************************************************************/
  16:Generated_Source\PSoC5/Filter_1_PM.c **** 
  17:Generated_Source\PSoC5/Filter_1_PM.c **** #include "Filter_1_PVT.h"
  18:Generated_Source\PSoC5/Filter_1_PM.c **** 
  19:Generated_Source\PSoC5/Filter_1_PM.c **** static Filter_1_backupStruct  Filter_1_backup = 
  20:Generated_Source\PSoC5/Filter_1_PM.c **** {
  21:Generated_Source\PSoC5/Filter_1_PM.c ****     Filter_1_DISABLED,
  22:Generated_Source\PSoC5/Filter_1_PM.c ****     Filter_1_RUN_MASK,
  23:Generated_Source\PSoC5/Filter_1_PM.c ****     
  24:Generated_Source\PSoC5/Filter_1_PM.c **** };
  25:Generated_Source\PSoC5/Filter_1_PM.c **** 
  26:Generated_Source\PSoC5/Filter_1_PM.c **** 
  27:Generated_Source\PSoC5/Filter_1_PM.c **** /*******************************************************************************
  28:Generated_Source\PSoC5/Filter_1_PM.c **** * Function Name: Filter_1_SaveConfig
  29:Generated_Source\PSoC5/Filter_1_PM.c **** ********************************************************************************
  30:Generated_Source\PSoC5/Filter_1_PM.c **** *
ARM GAS  C:\Users\ALVAROGA\AppData\Local\Temp\cckxmyp4.s 			page 2


  31:Generated_Source\PSoC5/Filter_1_PM.c **** * Summary:
  32:Generated_Source\PSoC5/Filter_1_PM.c **** *  Saves the current user configuration.
  33:Generated_Source\PSoC5/Filter_1_PM.c **** *  
  34:Generated_Source\PSoC5/Filter_1_PM.c **** * Parameters:  
  35:Generated_Source\PSoC5/Filter_1_PM.c **** *  void
  36:Generated_Source\PSoC5/Filter_1_PM.c **** *
  37:Generated_Source\PSoC5/Filter_1_PM.c **** * Return: 
  38:Generated_Source\PSoC5/Filter_1_PM.c **** *  void
  39:Generated_Source\PSoC5/Filter_1_PM.c **** *
  40:Generated_Source\PSoC5/Filter_1_PM.c **** * Global variables:
  41:Generated_Source\PSoC5/Filter_1_PM.c **** *  Filter_1_backup:  This global structure variable is used to store 
  42:Generated_Source\PSoC5/Filter_1_PM.c **** *  configuration registers which are non retention whenever user wants to go 
  43:Generated_Source\PSoC5/Filter_1_PM.c **** *  sleep mode by calling Sleep() API.
  44:Generated_Source\PSoC5/Filter_1_PM.c **** *
  45:Generated_Source\PSoC5/Filter_1_PM.c **** *******************************************************************************/
  46:Generated_Source\PSoC5/Filter_1_PM.c **** void Filter_1_SaveConfig(void) 
  47:Generated_Source\PSoC5/Filter_1_PM.c **** {
  28              		.loc 1 47 0
  29              		.cfi_startproc
  30              		@ args = 0, pretend = 0, frame = 0
  31              		@ frame_needed = 0, uses_anonymous_args = 0
  32              		@ link register save eliminated.
  33 0000 70B4     		push	{r4, r5, r6}
  34              		.cfi_def_cfa_offset 12
  35              		.cfi_offset 4, -12
  36              		.cfi_offset 5, -8
  37              		.cfi_offset 6, -4
  48:Generated_Source\PSoC5/Filter_1_PM.c ****     Filter_1_backup.sr = Filter_1_SR_REG;
  38              		.loc 1 48 0
  39 0002 0D4B     		ldr	r3, .L3
  40 0004 1B78     		ldrb	r3, [r3]	@ zero_extendqisi2
  41 0006 0D4C     		ldr	r4, .L3+4
  42 0008 A370     		strb	r3, [r4, #2]
  49:Generated_Source\PSoC5/Filter_1_PM.c ****     Filter_1_backup.sema = Filter_1_SEMA_REG;
  43              		.loc 1 49 0
  44 000a 0D4B     		ldr	r3, .L3+8
  45 000c 1B78     		ldrb	r3, [r3]	@ zero_extendqisi2
  46 000e E370     		strb	r3, [r4, #3]
  50:Generated_Source\PSoC5/Filter_1_PM.c **** 
  51:Generated_Source\PSoC5/Filter_1_PM.c ****     /* Put DFB RAM on the bus */
  52:Generated_Source\PSoC5/Filter_1_PM.c ****     Filter_1_RAM_DIR_REG = Filter_1_RAM_DIR_BUS;
  47              		.loc 1 52 0
  48 0010 0C4E     		ldr	r6, .L3+12
  49 0012 3F23     		movs	r3, #63
  50 0014 3370     		strb	r3, [r6]
  53:Generated_Source\PSoC5/Filter_1_PM.c **** 
  54:Generated_Source\PSoC5/Filter_1_PM.c ****     /* Save the ACU RAM as this is not retension */
  55:Generated_Source\PSoC5/Filter_1_PM.c ****     (void)memcpy(Filter_1_backup.saveAcu,
  51              		.loc 1 55 0
  52 0016 0434     		adds	r4, r4, #4
  53 0018 0B4D     		ldr	r5, .L3+16
  54 001a 0FCD     		ldmia	r5!, {r0, r1, r2, r3}
  55 001c 0FC4     		stmia	r4!, {r0, r1, r2, r3}
  56 001e 0FCD     		ldmia	r5!, {r0, r1, r2, r3}
  57 0020 0FC4     		stmia	r4!, {r0, r1, r2, r3}
  58 0022 0FCD     		ldmia	r5!, {r0, r1, r2, r3}
  59 0024 0FC4     		stmia	r4!, {r0, r1, r2, r3}
ARM GAS  C:\Users\ALVAROGA\AppData\Local\Temp\cckxmyp4.s 			page 3


  60 0026 95E80F00 		ldmia	r5, {r0, r1, r2, r3}
  61 002a 84E80F00 		stmia	r4, {r0, r1, r2, r3}
  56:Generated_Source\PSoC5/Filter_1_PM.c ****         Filter_1_ACU_RAM, Filter_1_ACU_RAM_SIZE); 
  57:Generated_Source\PSoC5/Filter_1_PM.c **** 
  58:Generated_Source\PSoC5/Filter_1_PM.c ****     /* Take DFB RAM off the bus */
  59:Generated_Source\PSoC5/Filter_1_PM.c ****     Filter_1_RAM_DIR_REG = Filter_1_RAM_DIR_DFB;
  62              		.loc 1 59 0
  63 002e 0023     		movs	r3, #0
  64 0030 3370     		strb	r3, [r6]
  60:Generated_Source\PSoC5/Filter_1_PM.c **** }
  65              		.loc 1 60 0
  66 0032 70BC     		pop	{r4, r5, r6}
  67              		.cfi_restore 6
  68              		.cfi_restore 5
  69              		.cfi_restore 4
  70              		.cfi_def_cfa_offset 0
  71 0034 7047     		bx	lr
  72              	.L4:
  73 0036 00BF     		.align	2
  74              	.L3:
  75 0038 84C70040 		.word	1073792900
  76 003c 00000000 		.word	.LANCHOR0
  77 0040 90C70040 		.word	1073792912
  78 0044 8CC70040 		.word	1073792908
  79 0048 00C70040 		.word	1073792768
  80              		.cfi_endproc
  81              	.LFE0:
  82              		.size	Filter_1_SaveConfig, .-Filter_1_SaveConfig
  83              		.section	.text.Filter_1_RestoreConfig,"ax",%progbits
  84              		.align	2
  85              		.global	Filter_1_RestoreConfig
  86              		.thumb
  87              		.thumb_func
  88              		.type	Filter_1_RestoreConfig, %function
  89              	Filter_1_RestoreConfig:
  90              	.LFB1:
  61:Generated_Source\PSoC5/Filter_1_PM.c **** 
  62:Generated_Source\PSoC5/Filter_1_PM.c **** 
  63:Generated_Source\PSoC5/Filter_1_PM.c **** /*******************************************************************************
  64:Generated_Source\PSoC5/Filter_1_PM.c **** * Function Name: Filter_1_RestoreConfig
  65:Generated_Source\PSoC5/Filter_1_PM.c **** ********************************************************************************
  66:Generated_Source\PSoC5/Filter_1_PM.c **** *
  67:Generated_Source\PSoC5/Filter_1_PM.c **** * Summary:
  68:Generated_Source\PSoC5/Filter_1_PM.c **** *  Restores the current user configuration.
  69:Generated_Source\PSoC5/Filter_1_PM.c **** *
  70:Generated_Source\PSoC5/Filter_1_PM.c **** * Parameters:  
  71:Generated_Source\PSoC5/Filter_1_PM.c **** *  void
  72:Generated_Source\PSoC5/Filter_1_PM.c **** *
  73:Generated_Source\PSoC5/Filter_1_PM.c **** * Return: 
  74:Generated_Source\PSoC5/Filter_1_PM.c **** *  void
  75:Generated_Source\PSoC5/Filter_1_PM.c **** *
  76:Generated_Source\PSoC5/Filter_1_PM.c **** * Global variables:
  77:Generated_Source\PSoC5/Filter_1_PM.c **** *  Filter_1_backup:  This global structure variable is used to restore 
  78:Generated_Source\PSoC5/Filter_1_PM.c **** *  configuration registers which are non retention whenever user wants to switch 
  79:Generated_Source\PSoC5/Filter_1_PM.c **** *  to active power mode by calling Wakeup() API.
  80:Generated_Source\PSoC5/Filter_1_PM.c **** *
  81:Generated_Source\PSoC5/Filter_1_PM.c **** *******************************************************************************/
ARM GAS  C:\Users\ALVAROGA\AppData\Local\Temp\cckxmyp4.s 			page 4


  82:Generated_Source\PSoC5/Filter_1_PM.c **** void Filter_1_RestoreConfig(void) 
  83:Generated_Source\PSoC5/Filter_1_PM.c **** {
  91              		.loc 1 83 0
  92              		.cfi_startproc
  93              		@ args = 0, pretend = 0, frame = 0
  94              		@ frame_needed = 0, uses_anonymous_args = 0
  95              		@ link register save eliminated.
  96 0000 70B4     		push	{r4, r5, r6}
  97              		.cfi_def_cfa_offset 12
  98              		.cfi_offset 4, -12
  99              		.cfi_offset 5, -8
 100              		.cfi_offset 6, -4
  84:Generated_Source\PSoC5/Filter_1_PM.c ****     Filter_1_SR_REG = Filter_1_backup.sr;
 101              		.loc 1 84 0
 102 0002 0F4C     		ldr	r4, .L7
 103 0004 A278     		ldrb	r2, [r4, #2]	@ zero_extendqisi2
 104 0006 0F4B     		ldr	r3, .L7+4
 105 0008 1A70     		strb	r2, [r3]
  85:Generated_Source\PSoC5/Filter_1_PM.c ****     Filter_1_SEMA_REG = Filter_1_backup.sema;
 106              		.loc 1 85 0
 107 000a E278     		ldrb	r2, [r4, #3]	@ zero_extendqisi2
 108 000c 0C33     		adds	r3, r3, #12
 109 000e 1A70     		strb	r2, [r3]
  86:Generated_Source\PSoC5/Filter_1_PM.c ****     
  87:Generated_Source\PSoC5/Filter_1_PM.c ****     /* Power on DFB before initializing the RAMs */
  88:Generated_Source\PSoC5/Filter_1_PM.c ****     Filter_1_PM_ACT_CFG_REG |= Filter_1_PM_ACT_MSK;
 110              		.loc 1 88 0
 111 0010 0D4A     		ldr	r2, .L7+8
 112 0012 1378     		ldrb	r3, [r2]	@ zero_extendqisi2
 113 0014 43F01003 		orr	r3, r3, #16
 114 0018 1370     		strb	r3, [r2]
  89:Generated_Source\PSoC5/Filter_1_PM.c **** 
  90:Generated_Source\PSoC5/Filter_1_PM.c ****     /* Put DFB RAM on the bus */
  91:Generated_Source\PSoC5/Filter_1_PM.c ****     Filter_1_RAM_DIR_REG = Filter_1_RAM_DIR_BUS;
 115              		.loc 1 91 0
 116 001a 0C4E     		ldr	r6, .L7+12
 117 001c 3F23     		movs	r3, #63
 118 001e 3370     		strb	r3, [r6]
  92:Generated_Source\PSoC5/Filter_1_PM.c **** 
  93:Generated_Source\PSoC5/Filter_1_PM.c ****     /* Restore ACU RAM as this is not retension */
  94:Generated_Source\PSoC5/Filter_1_PM.c ****     (void)memcpy(Filter_1_ACU_RAM,
 119              		.loc 1 94 0
 120 0020 0B4D     		ldr	r5, .L7+16
 121 0022 0434     		adds	r4, r4, #4
 122 0024 0FCC     		ldmia	r4!, {r0, r1, r2, r3}
 123 0026 0FC5     		stmia	r5!, {r0, r1, r2, r3}
 124 0028 0FCC     		ldmia	r4!, {r0, r1, r2, r3}
 125 002a 0FC5     		stmia	r5!, {r0, r1, r2, r3}
 126 002c 0FCC     		ldmia	r4!, {r0, r1, r2, r3}
 127 002e 0FC5     		stmia	r5!, {r0, r1, r2, r3}
 128 0030 94E80F00 		ldmia	r4, {r0, r1, r2, r3}
 129 0034 85E80F00 		stmia	r5, {r0, r1, r2, r3}
  95:Generated_Source\PSoC5/Filter_1_PM.c ****         Filter_1_backup.saveAcu, Filter_1_ACU_RAM_SIZE); 
  96:Generated_Source\PSoC5/Filter_1_PM.c **** 
  97:Generated_Source\PSoC5/Filter_1_PM.c ****     /* Take DFB RAM off the bus */
  98:Generated_Source\PSoC5/Filter_1_PM.c ****     Filter_1_RAM_DIR_REG = Filter_1_RAM_DIR_DFB;
 130              		.loc 1 98 0
ARM GAS  C:\Users\ALVAROGA\AppData\Local\Temp\cckxmyp4.s 			page 5


 131 0038 0023     		movs	r3, #0
 132 003a 3370     		strb	r3, [r6]
  99:Generated_Source\PSoC5/Filter_1_PM.c **** }
 133              		.loc 1 99 0
 134 003c 70BC     		pop	{r4, r5, r6}
 135              		.cfi_restore 6
 136              		.cfi_restore 5
 137              		.cfi_restore 4
 138              		.cfi_def_cfa_offset 0
 139 003e 7047     		bx	lr
 140              	.L8:
 141              		.align	2
 142              	.L7:
 143 0040 00000000 		.word	.LANCHOR0
 144 0044 84C70040 		.word	1073792900
 145 0048 A6430040 		.word	1073759142
 146 004c 8CC70040 		.word	1073792908
 147 0050 00C70040 		.word	1073792768
 148              		.cfi_endproc
 149              	.LFE1:
 150              		.size	Filter_1_RestoreConfig, .-Filter_1_RestoreConfig
 151              		.section	.text.Filter_1_Sleep,"ax",%progbits
 152              		.align	2
 153              		.global	Filter_1_Sleep
 154              		.thumb
 155              		.thumb_func
 156              		.type	Filter_1_Sleep, %function
 157              	Filter_1_Sleep:
 158              	.LFB2:
 100:Generated_Source\PSoC5/Filter_1_PM.c **** 
 101:Generated_Source\PSoC5/Filter_1_PM.c **** 
 102:Generated_Source\PSoC5/Filter_1_PM.c **** /*******************************************************************************
 103:Generated_Source\PSoC5/Filter_1_PM.c **** * Function Name: Filter_1_Sleep
 104:Generated_Source\PSoC5/Filter_1_PM.c **** ********************************************************************************
 105:Generated_Source\PSoC5/Filter_1_PM.c **** *
 106:Generated_Source\PSoC5/Filter_1_PM.c **** * Summary:
 107:Generated_Source\PSoC5/Filter_1_PM.c **** *  Disables block's operation and saves its configuration. Should be called 
 108:Generated_Source\PSoC5/Filter_1_PM.c **** *  just prior to entering sleep.
 109:Generated_Source\PSoC5/Filter_1_PM.c **** *  
 110:Generated_Source\PSoC5/Filter_1_PM.c **** * Parameters:  
 111:Generated_Source\PSoC5/Filter_1_PM.c **** *  void
 112:Generated_Source\PSoC5/Filter_1_PM.c **** *
 113:Generated_Source\PSoC5/Filter_1_PM.c **** * Return: 
 114:Generated_Source\PSoC5/Filter_1_PM.c **** *  void
 115:Generated_Source\PSoC5/Filter_1_PM.c **** *
 116:Generated_Source\PSoC5/Filter_1_PM.c **** * Global variables:
 117:Generated_Source\PSoC5/Filter_1_PM.c **** *  Filter_1_backup:  The structure field 'enableState' is modified 
 118:Generated_Source\PSoC5/Filter_1_PM.c **** *  depending on the enable state of the block before entering to sleep mode.
 119:Generated_Source\PSoC5/Filter_1_PM.c **** *
 120:Generated_Source\PSoC5/Filter_1_PM.c **** *******************************************************************************/
 121:Generated_Source\PSoC5/Filter_1_PM.c **** void Filter_1_Sleep(void) 
 122:Generated_Source\PSoC5/Filter_1_PM.c **** {
 159              		.loc 1 122 0
 160              		.cfi_startproc
 161              		@ args = 0, pretend = 0, frame = 0
 162              		@ frame_needed = 0, uses_anonymous_args = 0
 163 0000 08B5     		push	{r3, lr}
ARM GAS  C:\Users\ALVAROGA\AppData\Local\Temp\cckxmyp4.s 			page 6


 164              		.cfi_def_cfa_offset 8
 165              		.cfi_offset 3, -8
 166              		.cfi_offset 14, -4
 123:Generated_Source\PSoC5/Filter_1_PM.c ****     /* Save Filter enable state */
 124:Generated_Source\PSoC5/Filter_1_PM.c ****     if(Filter_1_PM_ACT_MSK == (Filter_1_PM_ACT_CFG_REG & Filter_1_PM_ACT_MSK))
 167              		.loc 1 124 0
 168 0002 084B     		ldr	r3, .L13
 169 0004 1B78     		ldrb	r3, [r3]	@ zero_extendqisi2
 170 0006 13F0100F 		tst	r3, #16
 171 000a 03D0     		beq	.L10
 125:Generated_Source\PSoC5/Filter_1_PM.c ****     {
 126:Generated_Source\PSoC5/Filter_1_PM.c ****         /* Component is enabled */
 127:Generated_Source\PSoC5/Filter_1_PM.c ****         Filter_1_backup.enableState = Filter_1_ENABLED;
 172              		.loc 1 127 0
 173 000c 0122     		movs	r2, #1
 174 000e 064B     		ldr	r3, .L13+4
 175 0010 1A70     		strb	r2, [r3]
 176 0012 02E0     		b	.L11
 177              	.L10:
 128:Generated_Source\PSoC5/Filter_1_PM.c ****     }
 129:Generated_Source\PSoC5/Filter_1_PM.c ****     else
 130:Generated_Source\PSoC5/Filter_1_PM.c ****     {
 131:Generated_Source\PSoC5/Filter_1_PM.c ****         /* Component is disabled */
 132:Generated_Source\PSoC5/Filter_1_PM.c ****         Filter_1_backup.enableState = Filter_1_DISABLED;
 178              		.loc 1 132 0
 179 0014 0022     		movs	r2, #0
 180 0016 044B     		ldr	r3, .L13+4
 181 0018 1A70     		strb	r2, [r3]
 182              	.L11:
 133:Generated_Source\PSoC5/Filter_1_PM.c ****     }
 134:Generated_Source\PSoC5/Filter_1_PM.c **** 
 135:Generated_Source\PSoC5/Filter_1_PM.c ****     /* Save the configuration */
 136:Generated_Source\PSoC5/Filter_1_PM.c ****     Filter_1_SaveConfig();
 183              		.loc 1 136 0
 184 001a FFF7FEFF 		bl	Filter_1_SaveConfig
 185              	.LVL0:
 137:Generated_Source\PSoC5/Filter_1_PM.c ****     
 138:Generated_Source\PSoC5/Filter_1_PM.c ****     /* Stop the component */
 139:Generated_Source\PSoC5/Filter_1_PM.c ****     Filter_1_Stop();
 186              		.loc 1 139 0
 187 001e FFF7FEFF 		bl	Filter_1_Stop
 188              	.LVL1:
 189 0022 08BD     		pop	{r3, pc}
 190              	.L14:
 191              		.align	2
 192              	.L13:
 193 0024 A6430040 		.word	1073759142
 194 0028 00000000 		.word	.LANCHOR0
 195              		.cfi_endproc
 196              	.LFE2:
 197              		.size	Filter_1_Sleep, .-Filter_1_Sleep
 198              		.section	.text.Filter_1_Wakeup,"ax",%progbits
 199              		.align	2
 200              		.global	Filter_1_Wakeup
 201              		.thumb
 202              		.thumb_func
 203              		.type	Filter_1_Wakeup, %function
ARM GAS  C:\Users\ALVAROGA\AppData\Local\Temp\cckxmyp4.s 			page 7


 204              	Filter_1_Wakeup:
 205              	.LFB3:
 140:Generated_Source\PSoC5/Filter_1_PM.c **** }
 141:Generated_Source\PSoC5/Filter_1_PM.c **** 
 142:Generated_Source\PSoC5/Filter_1_PM.c **** 
 143:Generated_Source\PSoC5/Filter_1_PM.c **** /*******************************************************************************
 144:Generated_Source\PSoC5/Filter_1_PM.c **** * Function Name: Filter_1_Wakeup
 145:Generated_Source\PSoC5/Filter_1_PM.c **** ********************************************************************************
 146:Generated_Source\PSoC5/Filter_1_PM.c **** *
 147:Generated_Source\PSoC5/Filter_1_PM.c **** * Summary:
 148:Generated_Source\PSoC5/Filter_1_PM.c **** *  Enables block's operation and restores its configuration. Should be called
 149:Generated_Source\PSoC5/Filter_1_PM.c **** *  just after awaking from sleep.
 150:Generated_Source\PSoC5/Filter_1_PM.c **** *  
 151:Generated_Source\PSoC5/Filter_1_PM.c **** * Parameters:  
 152:Generated_Source\PSoC5/Filter_1_PM.c **** *  void
 153:Generated_Source\PSoC5/Filter_1_PM.c **** *
 154:Generated_Source\PSoC5/Filter_1_PM.c **** * Return: 
 155:Generated_Source\PSoC5/Filter_1_PM.c **** *  void
 156:Generated_Source\PSoC5/Filter_1_PM.c **** *
 157:Generated_Source\PSoC5/Filter_1_PM.c **** * Global variables:
 158:Generated_Source\PSoC5/Filter_1_PM.c **** *  Filter_1_backup:  The structure field 'enableState' is used to 
 159:Generated_Source\PSoC5/Filter_1_PM.c **** *  restore the enable state of block after wakeup from sleep mode.
 160:Generated_Source\PSoC5/Filter_1_PM.c **** *
 161:Generated_Source\PSoC5/Filter_1_PM.c **** *******************************************************************************/
 162:Generated_Source\PSoC5/Filter_1_PM.c **** void Filter_1_Wakeup(void) 
 163:Generated_Source\PSoC5/Filter_1_PM.c **** {
 206              		.loc 1 163 0
 207              		.cfi_startproc
 208              		@ args = 0, pretend = 0, frame = 0
 209              		@ frame_needed = 0, uses_anonymous_args = 0
 210 0000 08B5     		push	{r3, lr}
 211              		.cfi_def_cfa_offset 8
 212              		.cfi_offset 3, -8
 213              		.cfi_offset 14, -4
 164:Generated_Source\PSoC5/Filter_1_PM.c ****     /* Restore the configuration */
 165:Generated_Source\PSoC5/Filter_1_PM.c ****     Filter_1_RestoreConfig();
 214              		.loc 1 165 0
 215 0002 FFF7FEFF 		bl	Filter_1_RestoreConfig
 216              	.LVL2:
 166:Generated_Source\PSoC5/Filter_1_PM.c ****     
 167:Generated_Source\PSoC5/Filter_1_PM.c ****     /* Enable's the component operation */
 168:Generated_Source\PSoC5/Filter_1_PM.c ****     if(Filter_1_backup.enableState == Filter_1_ENABLED)
 217              		.loc 1 168 0
 218 0006 034B     		ldr	r3, .L18
 219 0008 1B78     		ldrb	r3, [r3]	@ zero_extendqisi2
 220 000a 012B     		cmp	r3, #1
 221 000c 01D1     		bne	.L15
 169:Generated_Source\PSoC5/Filter_1_PM.c ****     {
 170:Generated_Source\PSoC5/Filter_1_PM.c ****         Filter_1_Enable();
 222              		.loc 1 170 0
 223 000e FFF7FEFF 		bl	Filter_1_Enable
 224              	.LVL3:
 225              	.L15:
 226 0012 08BD     		pop	{r3, pc}
 227              	.L19:
 228              		.align	2
 229              	.L18:
ARM GAS  C:\Users\ALVAROGA\AppData\Local\Temp\cckxmyp4.s 			page 8


 230 0014 00000000 		.word	.LANCHOR0
 231              		.cfi_endproc
 232              	.LFE3:
 233              		.size	Filter_1_Wakeup, .-Filter_1_Wakeup
 234              		.data
 235              		.align	2
 236              		.set	.LANCHOR0,. + 0
 237              		.type	Filter_1_backup, %object
 238              		.size	Filter_1_backup, 68
 239              	Filter_1_backup:
 240 0000 00       		.byte	0
 241 0001 01       		.byte	1
 242 0002 00000000 		.space	66
 242      00000000 
 242      00000000 
 242      00000000 
 242      00000000 
 243              		.text
 244              	.Letext0:
 245              		.file 2 "Generated_Source\\PSoC5\\cytypes.h"
 246              		.file 3 "Generated_Source\\PSoC5\\Filter_1.H"
 247              		.section	.debug_info,"",%progbits
 248              	.Ldebug_info0:
 249 0000 AB010000 		.4byte	0x1ab
 250 0004 0400     		.2byte	0x4
 251 0006 00000000 		.4byte	.Ldebug_abbrev0
 252 000a 04       		.byte	0x4
 253 000b 01       		.uleb128 0x1
 254 000c 5A000000 		.4byte	.LASF27
 255 0010 0C       		.byte	0xc
 256 0011 EB010000 		.4byte	.LASF28
 257 0015 82010000 		.4byte	.LASF29
 258 0019 00000000 		.4byte	.Ldebug_ranges0+0
 259 001d 00000000 		.4byte	0
 260 0021 00000000 		.4byte	.Ldebug_line0
 261 0025 02       		.uleb128 0x2
 262 0026 04       		.byte	0x4
 263 0027 05       		.byte	0x5
 264 0028 696E7400 		.ascii	"int\000"
 265 002c 03       		.uleb128 0x3
 266 002d 04       		.byte	0x4
 267 002e 07       		.byte	0x7
 268 002f 5E010000 		.4byte	.LASF0
 269 0033 03       		.uleb128 0x3
 270 0034 08       		.byte	0x8
 271 0035 05       		.byte	0x5
 272 0036 10020000 		.4byte	.LASF1
 273 003a 03       		.uleb128 0x3
 274 003b 08       		.byte	0x8
 275 003c 04       		.byte	0x4
 276 003d 4F020000 		.4byte	.LASF2
 277 0041 03       		.uleb128 0x3
 278 0042 01       		.byte	0x1
 279 0043 06       		.byte	0x6
 280 0044 5B020000 		.4byte	.LASF3
 281 0048 03       		.uleb128 0x3
 282 0049 01       		.byte	0x1
ARM GAS  C:\Users\ALVAROGA\AppData\Local\Temp\cckxmyp4.s 			page 9


 283 004a 08       		.byte	0x8
 284 004b 4C000000 		.4byte	.LASF4
 285 004f 03       		.uleb128 0x3
 286 0050 02       		.byte	0x2
 287 0051 05       		.byte	0x5
 288 0052 36010000 		.4byte	.LASF5
 289 0056 03       		.uleb128 0x3
 290 0057 02       		.byte	0x2
 291 0058 07       		.byte	0x7
 292 0059 23000000 		.4byte	.LASF6
 293 005d 03       		.uleb128 0x3
 294 005e 04       		.byte	0x4
 295 005f 05       		.byte	0x5
 296 0060 3A020000 		.4byte	.LASF7
 297 0064 03       		.uleb128 0x3
 298 0065 04       		.byte	0x4
 299 0066 07       		.byte	0x7
 300 0067 ED000000 		.4byte	.LASF8
 301 006b 03       		.uleb128 0x3
 302 006c 08       		.byte	0x8
 303 006d 07       		.byte	0x7
 304 006e 6B010000 		.4byte	.LASF9
 305 0072 03       		.uleb128 0x3
 306 0073 04       		.byte	0x4
 307 0074 07       		.byte	0x7
 308 0075 E2010000 		.4byte	.LASF10
 309 0079 03       		.uleb128 0x3
 310 007a 01       		.byte	0x1
 311 007b 08       		.byte	0x8
 312 007c 1E020000 		.4byte	.LASF11
 313 0080 04       		.uleb128 0x4
 314 0081 FF000000 		.4byte	.LASF12
 315 0085 02       		.byte	0x2
 316 0086 E901     		.2byte	0x1e9
 317 0088 48000000 		.4byte	0x48
 318 008c 04       		.uleb128 0x4
 319 008d 40010000 		.4byte	.LASF13
 320 0091 02       		.byte	0x2
 321 0092 EA01     		.2byte	0x1ea
 322 0094 56000000 		.4byte	0x56
 323 0098 03       		.uleb128 0x3
 324 0099 04       		.byte	0x4
 325 009a 04       		.byte	0x4
 326 009b 46000000 		.4byte	.LASF14
 327 009f 03       		.uleb128 0x3
 328 00a0 08       		.byte	0x8
 329 00a1 04       		.byte	0x4
 330 00a2 05010000 		.4byte	.LASF15
 331 00a6 04       		.uleb128 0x4
 332 00a7 E8000000 		.4byte	.LASF16
 333 00ab 02       		.byte	0x2
 334 00ac 9302     		.2byte	0x293
 335 00ae B2000000 		.4byte	0xb2
 336 00b2 05       		.uleb128 0x5
 337 00b3 80000000 		.4byte	0x80
 338 00b7 06       		.uleb128 0x6
 339 00b8 44       		.byte	0x44
ARM GAS  C:\Users\ALVAROGA\AppData\Local\Temp\cckxmyp4.s 			page 10


 340 00b9 03       		.byte	0x3
 341 00ba 2E       		.byte	0x2e
 342 00bb FA000000 		.4byte	0xfa
 343 00bf 07       		.uleb128 0x7
 344 00c0 43020000 		.4byte	.LASF17
 345 00c4 03       		.byte	0x3
 346 00c5 30       		.byte	0x30
 347 00c6 80000000 		.4byte	0x80
 348 00ca 00       		.byte	0
 349 00cb 08       		.uleb128 0x8
 350 00cc 637200   		.ascii	"cr\000"
 351 00cf 03       		.byte	0x3
 352 00d0 31       		.byte	0x31
 353 00d1 80000000 		.4byte	0x80
 354 00d5 01       		.byte	0x1
 355 00d6 08       		.uleb128 0x8
 356 00d7 737200   		.ascii	"sr\000"
 357 00da 03       		.byte	0x3
 358 00db 32       		.byte	0x32
 359 00dc 80000000 		.4byte	0x80
 360 00e0 02       		.byte	0x2
 361 00e1 07       		.uleb128 0x7
 362 00e2 00000000 		.4byte	.LASF18
 363 00e6 03       		.byte	0x3
 364 00e7 33       		.byte	0x33
 365 00e8 80000000 		.4byte	0x80
 366 00ec 03       		.byte	0x3
 367 00ed 07       		.uleb128 0x7
 368 00ee 32020000 		.4byte	.LASF19
 369 00f2 03       		.byte	0x3
 370 00f3 34       		.byte	0x34
 371 00f4 FA000000 		.4byte	0xfa
 372 00f8 04       		.byte	0x4
 373 00f9 00       		.byte	0
 374 00fa 09       		.uleb128 0x9
 375 00fb 80000000 		.4byte	0x80
 376 00ff 0A010000 		.4byte	0x10a
 377 0103 0A       		.uleb128 0xa
 378 0104 72000000 		.4byte	0x72
 379 0108 3F       		.byte	0x3f
 380 0109 00       		.byte	0
 381 010a 0B       		.uleb128 0xb
 382 010b 0C010000 		.4byte	.LASF20
 383 010f 03       		.byte	0x3
 384 0110 35       		.byte	0x35
 385 0111 B7000000 		.4byte	0xb7
 386 0115 0C       		.uleb128 0xc
 387 0116 22010000 		.4byte	.LASF21
 388 011a 01       		.byte	0x1
 389 011b 2E       		.byte	0x2e
 390 011c 00000000 		.4byte	.LFB0
 391 0120 4C000000 		.4byte	.LFE0-.LFB0
 392 0124 01       		.uleb128 0x1
 393 0125 9C       		.byte	0x9c
 394 0126 0C       		.uleb128 0xc
 395 0127 47010000 		.4byte	.LASF22
 396 012b 01       		.byte	0x1
ARM GAS  C:\Users\ALVAROGA\AppData\Local\Temp\cckxmyp4.s 			page 11


 397 012c 52       		.byte	0x52
 398 012d 00000000 		.4byte	.LFB1
 399 0131 54000000 		.4byte	.LFE1-.LFB1
 400 0135 01       		.uleb128 0x1
 401 0136 9C       		.byte	0x9c
 402 0137 0D       		.uleb128 0xd
 403 0138 23020000 		.4byte	.LASF23
 404 013c 01       		.byte	0x1
 405 013d 79       		.byte	0x79
 406 013e 00000000 		.4byte	.LFB2
 407 0142 2C000000 		.4byte	.LFE2-.LFB2
 408 0146 01       		.uleb128 0x1
 409 0147 9C       		.byte	0x9c
 410 0148 5F010000 		.4byte	0x15f
 411 014c 0E       		.uleb128 0xe
 412 014d 1E000000 		.4byte	.LVL0
 413 0151 15010000 		.4byte	0x115
 414 0155 0E       		.uleb128 0xe
 415 0156 22000000 		.4byte	.LVL1
 416 015a 98010000 		.4byte	0x198
 417 015e 00       		.byte	0
 418 015f 0D       		.uleb128 0xd
 419 0160 36000000 		.4byte	.LASF24
 420 0164 01       		.byte	0x1
 421 0165 A2       		.byte	0xa2
 422 0166 00000000 		.4byte	.LFB3
 423 016a 18000000 		.4byte	.LFE3-.LFB3
 424 016e 01       		.uleb128 0x1
 425 016f 9C       		.byte	0x9c
 426 0170 87010000 		.4byte	0x187
 427 0174 0E       		.uleb128 0xe
 428 0175 06000000 		.4byte	.LVL2
 429 0179 26010000 		.4byte	0x126
 430 017d 0E       		.uleb128 0xe
 431 017e 12000000 		.4byte	.LVL3
 432 0182 A3010000 		.4byte	0x1a3
 433 0186 00       		.byte	0
 434 0187 0F       		.uleb128 0xf
 435 0188 05000000 		.4byte	.LASF30
 436 018c 01       		.byte	0x1
 437 018d 13       		.byte	0x13
 438 018e 0A010000 		.4byte	0x10a
 439 0192 05       		.uleb128 0x5
 440 0193 03       		.byte	0x3
 441 0194 00000000 		.4byte	Filter_1_backup
 442 0198 10       		.uleb128 0x10
 443 0199 15000000 		.4byte	.LASF25
 444 019d 15000000 		.4byte	.LASF25
 445 01a1 03       		.byte	0x3
 446 01a2 3D       		.byte	0x3d
 447 01a3 10       		.uleb128 0x10
 448 01a4 D2010000 		.4byte	.LASF26
 449 01a8 D2010000 		.4byte	.LASF26
 450 01ac 03       		.byte	0x3
 451 01ad 49       		.byte	0x49
 452 01ae 00       		.byte	0
 453              		.section	.debug_abbrev,"",%progbits
ARM GAS  C:\Users\ALVAROGA\AppData\Local\Temp\cckxmyp4.s 			page 12


 454              	.Ldebug_abbrev0:
 455 0000 01       		.uleb128 0x1
 456 0001 11       		.uleb128 0x11
 457 0002 01       		.byte	0x1
 458 0003 25       		.uleb128 0x25
 459 0004 0E       		.uleb128 0xe
 460 0005 13       		.uleb128 0x13
 461 0006 0B       		.uleb128 0xb
 462 0007 03       		.uleb128 0x3
 463 0008 0E       		.uleb128 0xe
 464 0009 1B       		.uleb128 0x1b
 465 000a 0E       		.uleb128 0xe
 466 000b 55       		.uleb128 0x55
 467 000c 17       		.uleb128 0x17
 468 000d 11       		.uleb128 0x11
 469 000e 01       		.uleb128 0x1
 470 000f 10       		.uleb128 0x10
 471 0010 17       		.uleb128 0x17
 472 0011 00       		.byte	0
 473 0012 00       		.byte	0
 474 0013 02       		.uleb128 0x2
 475 0014 24       		.uleb128 0x24
 476 0015 00       		.byte	0
 477 0016 0B       		.uleb128 0xb
 478 0017 0B       		.uleb128 0xb
 479 0018 3E       		.uleb128 0x3e
 480 0019 0B       		.uleb128 0xb
 481 001a 03       		.uleb128 0x3
 482 001b 08       		.uleb128 0x8
 483 001c 00       		.byte	0
 484 001d 00       		.byte	0
 485 001e 03       		.uleb128 0x3
 486 001f 24       		.uleb128 0x24
 487 0020 00       		.byte	0
 488 0021 0B       		.uleb128 0xb
 489 0022 0B       		.uleb128 0xb
 490 0023 3E       		.uleb128 0x3e
 491 0024 0B       		.uleb128 0xb
 492 0025 03       		.uleb128 0x3
 493 0026 0E       		.uleb128 0xe
 494 0027 00       		.byte	0
 495 0028 00       		.byte	0
 496 0029 04       		.uleb128 0x4
 497 002a 16       		.uleb128 0x16
 498 002b 00       		.byte	0
 499 002c 03       		.uleb128 0x3
 500 002d 0E       		.uleb128 0xe
 501 002e 3A       		.uleb128 0x3a
 502 002f 0B       		.uleb128 0xb
 503 0030 3B       		.uleb128 0x3b
 504 0031 05       		.uleb128 0x5
 505 0032 49       		.uleb128 0x49
 506 0033 13       		.uleb128 0x13
 507 0034 00       		.byte	0
 508 0035 00       		.byte	0
 509 0036 05       		.uleb128 0x5
 510 0037 35       		.uleb128 0x35
ARM GAS  C:\Users\ALVAROGA\AppData\Local\Temp\cckxmyp4.s 			page 13


 511 0038 00       		.byte	0
 512 0039 49       		.uleb128 0x49
 513 003a 13       		.uleb128 0x13
 514 003b 00       		.byte	0
 515 003c 00       		.byte	0
 516 003d 06       		.uleb128 0x6
 517 003e 13       		.uleb128 0x13
 518 003f 01       		.byte	0x1
 519 0040 0B       		.uleb128 0xb
 520 0041 0B       		.uleb128 0xb
 521 0042 3A       		.uleb128 0x3a
 522 0043 0B       		.uleb128 0xb
 523 0044 3B       		.uleb128 0x3b
 524 0045 0B       		.uleb128 0xb
 525 0046 01       		.uleb128 0x1
 526 0047 13       		.uleb128 0x13
 527 0048 00       		.byte	0
 528 0049 00       		.byte	0
 529 004a 07       		.uleb128 0x7
 530 004b 0D       		.uleb128 0xd
 531 004c 00       		.byte	0
 532 004d 03       		.uleb128 0x3
 533 004e 0E       		.uleb128 0xe
 534 004f 3A       		.uleb128 0x3a
 535 0050 0B       		.uleb128 0xb
 536 0051 3B       		.uleb128 0x3b
 537 0052 0B       		.uleb128 0xb
 538 0053 49       		.uleb128 0x49
 539 0054 13       		.uleb128 0x13
 540 0055 38       		.uleb128 0x38
 541 0056 0B       		.uleb128 0xb
 542 0057 00       		.byte	0
 543 0058 00       		.byte	0
 544 0059 08       		.uleb128 0x8
 545 005a 0D       		.uleb128 0xd
 546 005b 00       		.byte	0
 547 005c 03       		.uleb128 0x3
 548 005d 08       		.uleb128 0x8
 549 005e 3A       		.uleb128 0x3a
 550 005f 0B       		.uleb128 0xb
 551 0060 3B       		.uleb128 0x3b
 552 0061 0B       		.uleb128 0xb
 553 0062 49       		.uleb128 0x49
 554 0063 13       		.uleb128 0x13
 555 0064 38       		.uleb128 0x38
 556 0065 0B       		.uleb128 0xb
 557 0066 00       		.byte	0
 558 0067 00       		.byte	0
 559 0068 09       		.uleb128 0x9
 560 0069 01       		.uleb128 0x1
 561 006a 01       		.byte	0x1
 562 006b 49       		.uleb128 0x49
 563 006c 13       		.uleb128 0x13
 564 006d 01       		.uleb128 0x1
 565 006e 13       		.uleb128 0x13
 566 006f 00       		.byte	0
 567 0070 00       		.byte	0
ARM GAS  C:\Users\ALVAROGA\AppData\Local\Temp\cckxmyp4.s 			page 14


 568 0071 0A       		.uleb128 0xa
 569 0072 21       		.uleb128 0x21
 570 0073 00       		.byte	0
 571 0074 49       		.uleb128 0x49
 572 0075 13       		.uleb128 0x13
 573 0076 2F       		.uleb128 0x2f
 574 0077 0B       		.uleb128 0xb
 575 0078 00       		.byte	0
 576 0079 00       		.byte	0
 577 007a 0B       		.uleb128 0xb
 578 007b 16       		.uleb128 0x16
 579 007c 00       		.byte	0
 580 007d 03       		.uleb128 0x3
 581 007e 0E       		.uleb128 0xe
 582 007f 3A       		.uleb128 0x3a
 583 0080 0B       		.uleb128 0xb
 584 0081 3B       		.uleb128 0x3b
 585 0082 0B       		.uleb128 0xb
 586 0083 49       		.uleb128 0x49
 587 0084 13       		.uleb128 0x13
 588 0085 00       		.byte	0
 589 0086 00       		.byte	0
 590 0087 0C       		.uleb128 0xc
 591 0088 2E       		.uleb128 0x2e
 592 0089 00       		.byte	0
 593 008a 3F       		.uleb128 0x3f
 594 008b 19       		.uleb128 0x19
 595 008c 03       		.uleb128 0x3
 596 008d 0E       		.uleb128 0xe
 597 008e 3A       		.uleb128 0x3a
 598 008f 0B       		.uleb128 0xb
 599 0090 3B       		.uleb128 0x3b
 600 0091 0B       		.uleb128 0xb
 601 0092 27       		.uleb128 0x27
 602 0093 19       		.uleb128 0x19
 603 0094 11       		.uleb128 0x11
 604 0095 01       		.uleb128 0x1
 605 0096 12       		.uleb128 0x12
 606 0097 06       		.uleb128 0x6
 607 0098 40       		.uleb128 0x40
 608 0099 18       		.uleb128 0x18
 609 009a 9742     		.uleb128 0x2117
 610 009c 19       		.uleb128 0x19
 611 009d 00       		.byte	0
 612 009e 00       		.byte	0
 613 009f 0D       		.uleb128 0xd
 614 00a0 2E       		.uleb128 0x2e
 615 00a1 01       		.byte	0x1
 616 00a2 3F       		.uleb128 0x3f
 617 00a3 19       		.uleb128 0x19
 618 00a4 03       		.uleb128 0x3
 619 00a5 0E       		.uleb128 0xe
 620 00a6 3A       		.uleb128 0x3a
 621 00a7 0B       		.uleb128 0xb
 622 00a8 3B       		.uleb128 0x3b
 623 00a9 0B       		.uleb128 0xb
 624 00aa 27       		.uleb128 0x27
ARM GAS  C:\Users\ALVAROGA\AppData\Local\Temp\cckxmyp4.s 			page 15


 625 00ab 19       		.uleb128 0x19
 626 00ac 11       		.uleb128 0x11
 627 00ad 01       		.uleb128 0x1
 628 00ae 12       		.uleb128 0x12
 629 00af 06       		.uleb128 0x6
 630 00b0 40       		.uleb128 0x40
 631 00b1 18       		.uleb128 0x18
 632 00b2 9742     		.uleb128 0x2117
 633 00b4 19       		.uleb128 0x19
 634 00b5 01       		.uleb128 0x1
 635 00b6 13       		.uleb128 0x13
 636 00b7 00       		.byte	0
 637 00b8 00       		.byte	0
 638 00b9 0E       		.uleb128 0xe
 639 00ba 898201   		.uleb128 0x4109
 640 00bd 00       		.byte	0
 641 00be 11       		.uleb128 0x11
 642 00bf 01       		.uleb128 0x1
 643 00c0 31       		.uleb128 0x31
 644 00c1 13       		.uleb128 0x13
 645 00c2 00       		.byte	0
 646 00c3 00       		.byte	0
 647 00c4 0F       		.uleb128 0xf
 648 00c5 34       		.uleb128 0x34
 649 00c6 00       		.byte	0
 650 00c7 03       		.uleb128 0x3
 651 00c8 0E       		.uleb128 0xe
 652 00c9 3A       		.uleb128 0x3a
 653 00ca 0B       		.uleb128 0xb
 654 00cb 3B       		.uleb128 0x3b
 655 00cc 0B       		.uleb128 0xb
 656 00cd 49       		.uleb128 0x49
 657 00ce 13       		.uleb128 0x13
 658 00cf 02       		.uleb128 0x2
 659 00d0 18       		.uleb128 0x18
 660 00d1 00       		.byte	0
 661 00d2 00       		.byte	0
 662 00d3 10       		.uleb128 0x10
 663 00d4 2E       		.uleb128 0x2e
 664 00d5 00       		.byte	0
 665 00d6 3F       		.uleb128 0x3f
 666 00d7 19       		.uleb128 0x19
 667 00d8 3C       		.uleb128 0x3c
 668 00d9 19       		.uleb128 0x19
 669 00da 6E       		.uleb128 0x6e
 670 00db 0E       		.uleb128 0xe
 671 00dc 03       		.uleb128 0x3
 672 00dd 0E       		.uleb128 0xe
 673 00de 3A       		.uleb128 0x3a
 674 00df 0B       		.uleb128 0xb
 675 00e0 3B       		.uleb128 0x3b
 676 00e1 0B       		.uleb128 0xb
 677 00e2 00       		.byte	0
 678 00e3 00       		.byte	0
 679 00e4 00       		.byte	0
 680              		.section	.debug_aranges,"",%progbits
 681 0000 34000000 		.4byte	0x34
ARM GAS  C:\Users\ALVAROGA\AppData\Local\Temp\cckxmyp4.s 			page 16


 682 0004 0200     		.2byte	0x2
 683 0006 00000000 		.4byte	.Ldebug_info0
 684 000a 04       		.byte	0x4
 685 000b 00       		.byte	0
 686 000c 0000     		.2byte	0
 687 000e 0000     		.2byte	0
 688 0010 00000000 		.4byte	.LFB0
 689 0014 4C000000 		.4byte	.LFE0-.LFB0
 690 0018 00000000 		.4byte	.LFB1
 691 001c 54000000 		.4byte	.LFE1-.LFB1
 692 0020 00000000 		.4byte	.LFB2
 693 0024 2C000000 		.4byte	.LFE2-.LFB2
 694 0028 00000000 		.4byte	.LFB3
 695 002c 18000000 		.4byte	.LFE3-.LFB3
 696 0030 00000000 		.4byte	0
 697 0034 00000000 		.4byte	0
 698              		.section	.debug_ranges,"",%progbits
 699              	.Ldebug_ranges0:
 700 0000 00000000 		.4byte	.LFB0
 701 0004 4C000000 		.4byte	.LFE0
 702 0008 00000000 		.4byte	.LFB1
 703 000c 54000000 		.4byte	.LFE1
 704 0010 00000000 		.4byte	.LFB2
 705 0014 2C000000 		.4byte	.LFE2
 706 0018 00000000 		.4byte	.LFB3
 707 001c 18000000 		.4byte	.LFE3
 708 0020 00000000 		.4byte	0
 709 0024 00000000 		.4byte	0
 710              		.section	.debug_line,"",%progbits
 711              	.Ldebug_line0:
 712 0000 B0000000 		.section	.debug_str,"MS",%progbits,1
 712      02005600 
 712      00000201 
 712      FB0E0D00 
 712      01010101 
 713              	.LASF18:
 714 0000 73656D61 		.ascii	"sema\000"
 714      00
 715              	.LASF30:
 716 0005 46696C74 		.ascii	"Filter_1_backup\000"
 716      65725F31 
 716      5F626163 
 716      6B757000 
 717              	.LASF25:
 718 0015 46696C74 		.ascii	"Filter_1_Stop\000"
 718      65725F31 
 718      5F53746F 
 718      7000
 719              	.LASF6:
 720 0023 73686F72 		.ascii	"short unsigned int\000"
 720      7420756E 
 720      7369676E 
 720      65642069 
 720      6E7400
 721              	.LASF24:
 722 0036 46696C74 		.ascii	"Filter_1_Wakeup\000"
 722      65725F31 
ARM GAS  C:\Users\ALVAROGA\AppData\Local\Temp\cckxmyp4.s 			page 17


 722      5F57616B 
 722      65757000 
 723              	.LASF14:
 724 0046 666C6F61 		.ascii	"float\000"
 724      7400
 725              	.LASF4:
 726 004c 756E7369 		.ascii	"unsigned char\000"
 726      676E6564 
 726      20636861 
 726      7200
 727              	.LASF27:
 728 005a 474E5520 		.ascii	"GNU C11 5.4.1 20160609 (release) [ARM/embedded-5-br"
 728      43313120 
 728      352E342E 
 728      31203230 
 728      31363036 
 729 008d 616E6368 		.ascii	"anch revision 237715] -mcpu=cortex-m3 -mthumb -g -O"
 729      20726576 
 729      6973696F 
 729      6E203233 
 729      37373135 
 730 00c0 67202D66 		.ascii	"g -ffunction-sections -ffat-lto-objects\000"
 730      66756E63 
 730      74696F6E 
 730      2D736563 
 730      74696F6E 
 731              	.LASF16:
 732 00e8 72656738 		.ascii	"reg8\000"
 732      00
 733              	.LASF8:
 734 00ed 6C6F6E67 		.ascii	"long unsigned int\000"
 734      20756E73 
 734      69676E65 
 734      6420696E 
 734      7400
 735              	.LASF12:
 736 00ff 75696E74 		.ascii	"uint8\000"
 736      3800
 737              	.LASF15:
 738 0105 646F7562 		.ascii	"double\000"
 738      6C6500
 739              	.LASF20:
 740 010c 46696C74 		.ascii	"Filter_1_backupStruct\000"
 740      65725F31 
 740      5F626163 
 740      6B757053 
 740      74727563 
 741              	.LASF21:
 742 0122 46696C74 		.ascii	"Filter_1_SaveConfig\000"
 742      65725F31 
 742      5F536176 
 742      65436F6E 
 742      66696700 
 743              	.LASF5:
 744 0136 73686F72 		.ascii	"short int\000"
 744      7420696E 
 744      7400
ARM GAS  C:\Users\ALVAROGA\AppData\Local\Temp\cckxmyp4.s 			page 18


 745              	.LASF13:
 746 0140 75696E74 		.ascii	"uint16\000"
 746      313600
 747              	.LASF22:
 748 0147 46696C74 		.ascii	"Filter_1_RestoreConfig\000"
 748      65725F31 
 748      5F526573 
 748      746F7265 
 748      436F6E66 
 749              	.LASF0:
 750 015e 756E7369 		.ascii	"unsigned int\000"
 750      676E6564 
 750      20696E74 
 750      00
 751              	.LASF9:
 752 016b 6C6F6E67 		.ascii	"long long unsigned int\000"
 752      206C6F6E 
 752      6720756E 
 752      7369676E 
 752      65642069 
 753              	.LASF29:
 754 0182 433A5C55 		.ascii	"C:\\UGR\\TFG\\Proyecto\\PSoC Creator\\PPG_SerialPor"
 754      47525C54 
 754      46475C50 
 754      726F7965 
 754      63746F5C 
 755 01b0 74436F6D 		.ascii	"tComunication\\PulseOximetry.cydsn\000"
 755      756E6963 
 755      6174696F 
 755      6E5C5075 
 755      6C73654F 
 756              	.LASF26:
 757 01d2 46696C74 		.ascii	"Filter_1_Enable\000"
 757      65725F31 
 757      5F456E61 
 757      626C6500 
 758              	.LASF10:
 759 01e2 73697A65 		.ascii	"sizetype\000"
 759      74797065 
 759      00
 760              	.LASF28:
 761 01eb 47656E65 		.ascii	"Generated_Source\\PSoC5\\Filter_1_PM.c\000"
 761      72617465 
 761      645F536F 
 761      75726365 
 761      5C50536F 
 762              	.LASF1:
 763 0210 6C6F6E67 		.ascii	"long long int\000"
 763      206C6F6E 
 763      6720696E 
 763      7400
 764              	.LASF11:
 765 021e 63686172 		.ascii	"char\000"
 765      00
 766              	.LASF23:
 767 0223 46696C74 		.ascii	"Filter_1_Sleep\000"
 767      65725F31 
ARM GAS  C:\Users\ALVAROGA\AppData\Local\Temp\cckxmyp4.s 			page 19


 767      5F536C65 
 767      657000
 768              	.LASF19:
 769 0232 73617665 		.ascii	"saveAcu\000"
 769      41637500 
 770              	.LASF7:
 771 023a 6C6F6E67 		.ascii	"long int\000"
 771      20696E74 
 771      00
 772              	.LASF17:
 773 0243 656E6162 		.ascii	"enableState\000"
 773      6C655374 
 773      61746500 
 774              	.LASF2:
 775 024f 6C6F6E67 		.ascii	"long double\000"
 775      20646F75 
 775      626C6500 
 776              	.LASF3:
 777 025b 7369676E 		.ascii	"signed char\000"
 777      65642063 
 777      68617200 
 778              		.ident	"GCC: (GNU Tools for ARM Embedded Processors) 5.4.1 20160609 (release) [ARM/embedded-5-bran
